
Discarded input sections

 .group         0x0000000000000000        0xc C:\Users\Max\AppData\Local\Temp\ccSL3LgC.o
 .group         0x0000000000000000        0xc C:\Users\Max\AppData\Local\Temp\ccSL3LgC.o
 .group         0x0000000000000000        0xc C:\Users\Max\AppData\Local\Temp\ccSL3LgC.o
 .group         0x0000000000000000        0xc C:\Users\Max\AppData\Local\Temp\ccSL3LgC.o
 .group         0x0000000000000000        0xc C:\Users\Max\AppData\Local\Temp\ccSL3LgC.o
 .group         0x0000000000000000        0xc C:\Users\Max\AppData\Local\Temp\ccSL3LgC.o
 .group         0x0000000000000000        0xc C:\Users\Max\AppData\Local\Temp\ccSL3LgC.o
 .group         0x0000000000000000        0xc C:\Users\Max\AppData\Local\Temp\ccSL3LgC.o
 .group         0x0000000000000000        0xc C:\Users\Max\AppData\Local\Temp\ccSL3LgC.o
 .group         0x0000000000000000        0xc C:\Users\Max\AppData\Local\Temp\ccSL3LgC.o
 .group         0x0000000000000000        0xc C:\Users\Max\AppData\Local\Temp\ccSL3LgC.o
 .group         0x0000000000000000        0xc C:\Users\Max\AppData\Local\Temp\ccSL3LgC.o
 .group         0x0000000000000000        0xc C:\Users\Max\AppData\Local\Temp\ccSL3LgC.o
 .group         0x0000000000000000        0xc C:\Users\Max\AppData\Local\Temp\ccSL3LgC.o
 .group         0x0000000000000000        0xc C:\Users\Max\AppData\Local\Temp\ccSL3LgC.o
 .group         0x0000000000000000        0xc C:\Users\Max\AppData\Local\Temp\ccSL3LgC.o
 .group         0x0000000000000000        0xc C:\Users\Max\AppData\Local\Temp\ccSL3LgC.o
 .group         0x0000000000000000        0xc C:\Users\Max\AppData\Local\Temp\ccSL3LgC.o
 .group         0x0000000000000000        0xc C:\Users\Max\AppData\Local\Temp\ccSL3LgC.o
 .group         0x0000000000000000        0xc C:\Users\Max\AppData\Local\Temp\ccSL3LgC.o
 .group         0x0000000000000000        0xc C:\Users\Max\AppData\Local\Temp\ccSL3LgC.o
 .group         0x0000000000000000        0xc C:\Users\Max\AppData\Local\Temp\ccSL3LgC.o
 .group         0x0000000000000000        0xc C:\Users\Max\AppData\Local\Temp\ccSL3LgC.o
 .group         0x0000000000000000        0xc C:\Users\Max\AppData\Local\Temp\ccSL3LgC.o
 .group         0x0000000000000000        0xc C:\Users\Max\AppData\Local\Temp\ccSL3LgC.o
 .group         0x0000000000000000        0xc C:\Users\Max\AppData\Local\Temp\ccSL3LgC.o
 .group         0x0000000000000000        0xc C:\Users\Max\AppData\Local\Temp\ccSL3LgC.o
 .group         0x0000000000000000        0xc C:\Users\Max\AppData\Local\Temp\ccSL3LgC.o
 .group         0x0000000000000000        0xc C:\Users\Max\AppData\Local\Temp\ccSL3LgC.o

Memory Configuration

Name             Origin             Length             Attributes
SRAM             0x0000000020041f00 0x00000000000000fc xr
*default*        0x0000000000000000 0xffffffffffffffff

Linker script and memory map

                0x0000000020041f00                . = ORIGIN (SRAM)

.text           0x0000000020041f00       0xf8
 *(.entry.*)
 .entry._stage2_boot
                0x0000000020041f00       0xd4 C:\Users\Max\AppData\Local\Temp\ccSL3LgC.o
                0x0000000020041f00                _stage2_boot
 *(.text.*)
 .text          0x0000000020041fd4       0x24 C:\Users\Max\AppData\Local\Temp\ccSL3LgC.o
LOAD C:\Users\Max\AppData\Local\Temp\ccSL3LgC.o
OUTPUT(generated\Macronix\MX25R6435F\boot2.elf elf32-littlearm)

.data           0x0000000020041ff8        0x0
 .data          0x0000000020041ff8        0x0 C:\Users\Max\AppData\Local\Temp\ccSL3LgC.o

.igot.plt       0x0000000020041ff8        0x0
 .igot.plt      0x0000000020041ff8        0x0 C:\Users\Max\AppData\Local\Temp\ccSL3LgC.o

.glue_7         0x0000000020041ff8        0x0
 .glue_7        0x0000000020041ff8        0x0 linker stubs

.glue_7t        0x0000000020041ff8        0x0
 .glue_7t       0x0000000020041ff8        0x0 linker stubs

.vfp11_veneer   0x0000000020041ff8        0x0
 .vfp11_veneer  0x0000000020041ff8        0x0 linker stubs

.v4_bx          0x0000000020041ff8        0x0
 .v4_bx         0x0000000020041ff8        0x0 linker stubs

.iplt           0x0000000020041ff8        0x0
 .iplt          0x0000000020041ff8        0x0 C:\Users\Max\AppData\Local\Temp\ccSL3LgC.o

.rel.dyn        0x0000000020041ff8        0x0
 .rel.iplt      0x0000000020041ff8        0x0 C:\Users\Max\AppData\Local\Temp\ccSL3LgC.o

.bss            0x0000000020041ff8        0x0
 .bss           0x0000000020041ff8        0x0 C:\Users\Max\AppData\Local\Temp\ccSL3LgC.o

.debug_info     0x0000000000000000      0x427
 .debug_info    0x0000000000000000      0x427 C:\Users\Max\AppData\Local\Temp\ccSL3LgC.o

.debug_abbrev   0x0000000000000000      0x197
 .debug_abbrev  0x0000000000000000      0x197 C:\Users\Max\AppData\Local\Temp\ccSL3LgC.o

.debug_loc      0x0000000000000000      0x12e
 .debug_loc     0x0000000000000000      0x12e C:\Users\Max\AppData\Local\Temp\ccSL3LgC.o

.debug_aranges  0x0000000000000000       0x28
 .debug_aranges
                0x0000000000000000       0x28 C:\Users\Max\AppData\Local\Temp\ccSL3LgC.o

.debug_ranges   0x0000000000000000       0x38
 .debug_ranges  0x0000000000000000       0x38 C:\Users\Max\AppData\Local\Temp\ccSL3LgC.o

.debug_macro    0x0000000000000000     0x50b0
 .debug_macro   0x0000000000000000      0x1d2 C:\Users\Max\AppData\Local\Temp\ccSL3LgC.o
 .debug_macro   0x00000000000001d2      0xaf0 C:\Users\Max\AppData\Local\Temp\ccSL3LgC.o
 .debug_macro   0x0000000000000cc2       0x16 C:\Users\Max\AppData\Local\Temp\ccSL3LgC.o
 .debug_macro   0x0000000000000cd8       0x22 C:\Users\Max\AppData\Local\Temp\ccSL3LgC.o
 .debug_macro   0x0000000000000cfa       0x22 C:\Users\Max\AppData\Local\Temp\ccSL3LgC.o
 .debug_macro   0x0000000000000d1c       0x5e C:\Users\Max\AppData\Local\Temp\ccSL3LgC.o
 .debug_macro   0x0000000000000d7a       0x18 C:\Users\Max\AppData\Local\Temp\ccSL3LgC.o
 .debug_macro   0x0000000000000d92       0x94 C:\Users\Max\AppData\Local\Temp\ccSL3LgC.o
 .debug_macro   0x0000000000000e26       0x35 C:\Users\Max\AppData\Local\Temp\ccSL3LgC.o
 .debug_macro   0x0000000000000e5b       0x34 C:\Users\Max\AppData\Local\Temp\ccSL3LgC.o
 .debug_macro   0x0000000000000e8f       0x16 C:\Users\Max\AppData\Local\Temp\ccSL3LgC.o
 .debug_macro   0x0000000000000ea5       0x28 C:\Users\Max\AppData\Local\Temp\ccSL3LgC.o
 .debug_macro   0x0000000000000ecd       0x57 C:\Users\Max\AppData\Local\Temp\ccSL3LgC.o
 .debug_macro   0x0000000000000f24       0xef C:\Users\Max\AppData\Local\Temp\ccSL3LgC.o
 .debug_macro   0x0000000000001013       0x6a C:\Users\Max\AppData\Local\Temp\ccSL3LgC.o
 .debug_macro   0x000000000000107d      0x1df C:\Users\Max\AppData\Local\Temp\ccSL3LgC.o
 .debug_macro   0x000000000000125c      0x174 C:\Users\Max\AppData\Local\Temp\ccSL3LgC.o
 .debug_macro   0x00000000000013d0       0x10 C:\Users\Max\AppData\Local\Temp\ccSL3LgC.o
 .debug_macro   0x00000000000013e0       0x22 C:\Users\Max\AppData\Local\Temp\ccSL3LgC.o
 .debug_macro   0x0000000000001402       0x76 C:\Users\Max\AppData\Local\Temp\ccSL3LgC.o
 .debug_macro   0x0000000000001478       0x7c C:\Users\Max\AppData\Local\Temp\ccSL3LgC.o
 .debug_macro   0x00000000000014f4      0x172 C:\Users\Max\AppData\Local\Temp\ccSL3LgC.o
 .debug_macro   0x0000000000001666     0x150c C:\Users\Max\AppData\Local\Temp\ccSL3LgC.o
 .debug_macro   0x0000000000002b72       0x2e C:\Users\Max\AppData\Local\Temp\ccSL3LgC.o
 .debug_macro   0x0000000000002ba0      0x339 C:\Users\Max\AppData\Local\Temp\ccSL3LgC.o
 .debug_macro   0x0000000000002ed9       0x9b C:\Users\Max\AppData\Local\Temp\ccSL3LgC.o
 .debug_macro   0x0000000000002f74       0x6a C:\Users\Max\AppData\Local\Temp\ccSL3LgC.o
 .debug_macro   0x0000000000002fde      0xbb5 C:\Users\Max\AppData\Local\Temp\ccSL3LgC.o
 .debug_macro   0x0000000000003b93      0x6e7 C:\Users\Max\AppData\Local\Temp\ccSL3LgC.o
 .debug_macro   0x000000000000427a      0xe36 C:\Users\Max\AppData\Local\Temp\ccSL3LgC.o

.debug_line     0x0000000000000000      0x78d
 .debug_line    0x0000000000000000      0x78d C:\Users\Max\AppData\Local\Temp\ccSL3LgC.o

.debug_str      0x0000000000000000    0x18a3e
 .debug_str     0x0000000000000000    0x18a3e C:\Users\Max\AppData\Local\Temp\ccSL3LgC.o
                                      0x18c38 (size before relaxing)

.comment        0x0000000000000000       0x66
 .comment       0x0000000000000000       0x66 C:\Users\Max\AppData\Local\Temp\ccSL3LgC.o
                                         0x67 (size before relaxing)

.ARM.attributes
                0x0000000000000000       0x2b
 .ARM.attributes
                0x0000000000000000       0x2b C:\Users\Max\AppData\Local\Temp\ccSL3LgC.o

.debug_frame    0x0000000000000000       0x4c
 .debug_frame   0x0000000000000000       0x4c C:\Users\Max\AppData\Local\Temp\ccSL3LgC.o
